01:28:04 **** Incremental Build of configuration Debug for project NTI_driver ****
make -j4 all 
arm-none-eabi-gcc "../Src/03_Mcal/STM32F103/RCC/RCC_prog.c" -mcpu=cortex-m3 -std=gnu11 -g3 -DDEBUG -DSTM32 -DSTM32F1 -DSTM32F103C8Tx -c -I../Inc -O0 -ffunction-sections -fdata-sections -Wall -fstack-usage -fcyclomatic-complexity -MMD -MP -MF"Src/03_Mcal/STM32F103/RCC/RCC_prog.d" -MT"Src/03_Mcal/STM32F103/RCC/RCC_prog.o" --specs=nano.specs -mfloat-abi=soft -mthumb -o "Src/03_Mcal/STM32F103/RCC/RCC_prog.o"
arm-none-eabi-gcc "../Src/01_App/main.c" -mcpu=cortex-m3 -std=gnu11 -g3 -DDEBUG -DSTM32 -DSTM32F1 -DSTM32F103C8Tx -c -I../Inc -O0 -ffunction-sections -fdata-sections -Wall -fstack-usage -fcyclomatic-complexity -MMD -MP -MF"Src/01_App/main.d" -MT"Src/01_App/main.o" --specs=nano.specs -mfloat-abi=soft -mthumb -o "Src/01_App/main.o"
arm-none-eabi-gcc -o "NTI_driver.elf" @"objects.list"   -mcpu=cortex-m3 -T"/home/ziad/ARM/02-STM32_Drivers/NTI_driver/STM32F103C8TX_FLASH.ld" --specs=nosys.specs -Wl,-Map="NTI_driver.map" -Wl,--gc-sections -static --specs=nano.specs -mfloat-abi=soft -mthumb -Wl,--start-group -lc -lm -Wl,--end-group
Finished building target: NTI_driver.elf
 
arm-none-eabi-size   NTI_driver.elf 
arm-none-eabi-objdump -h -S  NTI_driver.elf  > "NTI_driver.list"
   text	   data	    bss	    dec	    hex	filename
    640	      8	   1568	   2216	    8a8	NTI_driver.elf
Finished building: default.size.stdout
 
Finished building: NTI_driver.list
 
01:28:10 **** Incremental Build of configuration Debug for project NTI_driver ****
make -j4 all 
arm-none-eabi-size   NTI_driver.elf 
   text	   data	    bss	    dec	    hex	filename
    640	      8	   1568	   2216	    8a8	NTI_driver.elf
Finished building: default.size.stdout
 
