Archive member included to satisfy reference by file (symbol)

/app/stm32cubeide/plugins/com.st.stm32cube.ide.mcu.externaltools.gnu-tools-for-stm32.10.3-2021.10.linux64_1.0.200.202301161003/tools/bin/../lib/gcc/arm-none-eabi/10.3.1/../../../../arm-none-eabi/lib/thumb/v7-m/nofp/libc_nano.a(lib_a-errno.o)
                              ./Src/syscalls.o (__errno)
/app/stm32cubeide/plugins/com.st.stm32cube.ide.mcu.externaltools.gnu-tools-for-stm32.10.3-2021.10.linux64_1.0.200.202301161003/tools/bin/../lib/gcc/arm-none-eabi/10.3.1/../../../../arm-none-eabi/lib/thumb/v7-m/nofp/libc_nano.a(lib_a-exit.o)
                              /app/stm32cubeide/plugins/com.st.stm32cube.ide.mcu.externaltools.gnu-tools-for-stm32.10.3-2021.10.linux64_1.0.200.202301161003/tools/bin/../lib/gcc/arm-none-eabi/10.3.1/../../../../arm-none-eabi/lib/thumb/v7-m/nofp/crt0.o (exit)
/app/stm32cubeide/plugins/com.st.stm32cube.ide.mcu.externaltools.gnu-tools-for-stm32.10.3-2021.10.linux64_1.0.200.202301161003/tools/bin/../lib/gcc/arm-none-eabi/10.3.1/../../../../arm-none-eabi/lib/thumb/v7-m/nofp/libc_nano.a(lib_a-impure.o)
                              /app/stm32cubeide/plugins/com.st.stm32cube.ide.mcu.externaltools.gnu-tools-for-stm32.10.3-2021.10.linux64_1.0.200.202301161003/tools/bin/../lib/gcc/arm-none-eabi/10.3.1/../../../../arm-none-eabi/lib/thumb/v7-m/nofp/libc_nano.a(lib_a-exit.o) (_global_impure_ptr)
/app/stm32cubeide/plugins/com.st.stm32cube.ide.mcu.externaltools.gnu-tools-for-stm32.10.3-2021.10.linux64_1.0.200.202301161003/tools/bin/../lib/gcc/arm-none-eabi/10.3.1/../../../../arm-none-eabi/lib/thumb/v7-m/nofp/libc_nano.a(lib_a-init.o)
                              /app/stm32cubeide/plugins/com.st.stm32cube.ide.mcu.externaltools.gnu-tools-for-stm32.10.3-2021.10.linux64_1.0.200.202301161003/tools/bin/../lib/gcc/arm-none-eabi/10.3.1/../../../../arm-none-eabi/lib/thumb/v7-m/nofp/crt0.o (__libc_init_array)
/app/stm32cubeide/plugins/com.st.stm32cube.ide.mcu.externaltools.gnu-tools-for-stm32.10.3-2021.10.linux64_1.0.200.202301161003/tools/bin/../lib/gcc/arm-none-eabi/10.3.1/../../../../arm-none-eabi/lib/thumb/v7-m/nofp/libc_nano.a(lib_a-memset.o)
                              /app/stm32cubeide/plugins/com.st.stm32cube.ide.mcu.externaltools.gnu-tools-for-stm32.10.3-2021.10.linux64_1.0.200.202301161003/tools/bin/../lib/gcc/arm-none-eabi/10.3.1/../../../../arm-none-eabi/lib/thumb/v7-m/nofp/crt0.o (memset)

Discarded input sections

 .text          0x0000000000000000        0x0 /app/stm32cubeide/plugins/com.st.stm32cube.ide.mcu.externaltools.gnu-tools-for-stm32.10.3-2021.10.linux64_1.0.200.202301161003/tools/bin/../lib/gcc/arm-none-eabi/10.3.1/thumb/v7-m/nofp/crti.o
 .data          0x0000000000000000        0x0 /app/stm32cubeide/plugins/com.st.stm32cube.ide.mcu.externaltools.gnu-tools-for-stm32.10.3-2021.10.linux64_1.0.200.202301161003/tools/bin/../lib/gcc/arm-none-eabi/10.3.1/thumb/v7-m/nofp/crti.o
 .bss           0x0000000000000000        0x0 /app/stm32cubeide/plugins/com.st.stm32cube.ide.mcu.externaltools.gnu-tools-for-stm32.10.3-2021.10.linux64_1.0.200.202301161003/tools/bin/../lib/gcc/arm-none-eabi/10.3.1/thumb/v7-m/nofp/crti.o
 .data          0x0000000000000000        0x4 /app/stm32cubeide/plugins/com.st.stm32cube.ide.mcu.externaltools.gnu-tools-for-stm32.10.3-2021.10.linux64_1.0.200.202301161003/tools/bin/../lib/gcc/arm-none-eabi/10.3.1/thumb/v7-m/nofp/crtbegin.o
 .rodata        0x0000000000000000       0x24 /app/stm32cubeide/plugins/com.st.stm32cube.ide.mcu.externaltools.gnu-tools-for-stm32.10.3-2021.10.linux64_1.0.200.202301161003/tools/bin/../lib/gcc/arm-none-eabi/10.3.1/thumb/v7-m/nofp/crtbegin.o
 .text          0x0000000000000000       0x7c /app/stm32cubeide/plugins/com.st.stm32cube.ide.mcu.externaltools.gnu-tools-for-stm32.10.3-2021.10.linux64_1.0.200.202301161003/tools/bin/../lib/gcc/arm-none-eabi/10.3.1/../../../../arm-none-eabi/lib/thumb/v7-m/nofp/crt0.o
 .data          0x0000000000000000        0x0 /app/stm32cubeide/plugins/com.st.stm32cube.ide.mcu.externaltools.gnu-tools-for-stm32.10.3-2021.10.linux64_1.0.200.202301161003/tools/bin/../lib/gcc/arm-none-eabi/10.3.1/../../../../arm-none-eabi/lib/thumb/v7-m/nofp/crt0.o
 .bss           0x0000000000000000        0x0 /app/stm32cubeide/plugins/com.st.stm32cube.ide.mcu.externaltools.gnu-tools-for-stm32.10.3-2021.10.linux64_1.0.200.202301161003/tools/bin/../lib/gcc/arm-none-eabi/10.3.1/../../../../arm-none-eabi/lib/thumb/v7-m/nofp/crt0.o
 .ARM.extab     0x0000000000000000        0x0 /app/stm32cubeide/plugins/com.st.stm32cube.ide.mcu.externaltools.gnu-tools-for-stm32.10.3-2021.10.linux64_1.0.200.202301161003/tools/bin/../lib/gcc/arm-none-eabi/10.3.1/../../../../arm-none-eabi/lib/thumb/v7-m/nofp/crt0.o
 .ARM.exidx     0x0000000000000000       0x10 /app/stm32cubeide/plugins/com.st.stm32cube.ide.mcu.externaltools.gnu-tools-for-stm32.10.3-2021.10.linux64_1.0.200.202301161003/tools/bin/../lib/gcc/arm-none-eabi/10.3.1/../../../../arm-none-eabi/lib/thumb/v7-m/nofp/crt0.o
 .ARM.attributes
                0x0000000000000000       0x1b /app/stm32cubeide/plugins/com.st.stm32cube.ide.mcu.externaltools.gnu-tools-for-stm32.10.3-2021.10.linux64_1.0.200.202301161003/tools/bin/../lib/gcc/arm-none-eabi/10.3.1/../../../../arm-none-eabi/lib/thumb/v7-m/nofp/crt0.o
 .group         0x0000000000000000        0xc ./Src/CortexM3_Core/CortexM3_Core_NVIC.o
 .group         0x0000000000000000        0xc ./Src/CortexM3_Core/CortexM3_Core_NVIC.o
 .group         0x0000000000000000        0xc ./Src/CortexM3_Core/CortexM3_Core_NVIC.o
 .group         0x0000000000000000        0xc ./Src/CortexM3_Core/CortexM3_Core_NVIC.o
 .group         0x0000000000000000        0xc ./Src/CortexM3_Core/CortexM3_Core_NVIC.o
 .group         0x0000000000000000        0xc ./Src/CortexM3_Core/CortexM3_Core_NVIC.o
 .group         0x0000000000000000        0xc ./Src/CortexM3_Core/CortexM3_Core_NVIC.o
 .group         0x0000000000000000        0xc ./Src/CortexM3_Core/CortexM3_Core_NVIC.o
 .text          0x0000000000000000        0x0 ./Src/CortexM3_Core/CortexM3_Core_NVIC.o
 .data          0x0000000000000000        0x0 ./Src/CortexM3_Core/CortexM3_Core_NVIC.o
 .bss           0x0000000000000000        0x0 ./Src/CortexM3_Core/CortexM3_Core_NVIC.o
 .text.NVIC_clearPendingIQRn
                0x0000000000000000       0x78 ./Src/CortexM3_Core/CortexM3_Core_NVIC.o
 .text.NVIC_getActiveIQRn
                0x0000000000000000       0x74 ./Src/CortexM3_Core/CortexM3_Core_NVIC.o
 .text.NVIC_setPriorityIQRn
                0x0000000000000000       0x34 ./Src/CortexM3_Core/CortexM3_Core_NVIC.o
 .text.NVIC_getPriorityIQRn
                0x0000000000000000       0x38 ./Src/CortexM3_Core/CortexM3_Core_NVIC.o
 .group         0x0000000000000000        0xc ./Src/CortexM3_Core/CortexM3_Core_SCB.o
 .group         0x0000000000000000        0xc ./Src/CortexM3_Core/CortexM3_Core_SCB.o
 .group         0x0000000000000000        0xc ./Src/CortexM3_Core/CortexM3_Core_SCB.o
 .group         0x0000000000000000        0xc ./Src/CortexM3_Core/CortexM3_Core_SCB.o
 .group         0x0000000000000000        0xc ./Src/CortexM3_Core/CortexM3_Core_SCB.o
 .group         0x0000000000000000        0xc ./Src/CortexM3_Core/CortexM3_Core_SCB.o
 .group         0x0000000000000000        0xc ./Src/CortexM3_Core/CortexM3_Core_SCB.o
 .text          0x0000000000000000        0x0 ./Src/CortexM3_Core/CortexM3_Core_SCB.o
 .data          0x0000000000000000        0x0 ./Src/CortexM3_Core/CortexM3_Core_SCB.o
 .bss           0x0000000000000000        0x0 ./Src/CortexM3_Core/CortexM3_Core_SCB.o
 .text.SCB_setGroupPriority
                0x0000000000000000       0x4c ./Src/CortexM3_Core/CortexM3_Core_SCB.o
 .text.SCB_getGroupPriority
                0x0000000000000000       0x24 ./Src/CortexM3_Core/CortexM3_Core_SCB.o
 .debug_info    0x0000000000000000      0x215 ./Src/CortexM3_Core/CortexM3_Core_SCB.o
 .debug_abbrev  0x0000000000000000       0xdf ./Src/CortexM3_Core/CortexM3_Core_SCB.o
 .debug_aranges
                0x0000000000000000       0x28 ./Src/CortexM3_Core/CortexM3_Core_SCB.o
 .debug_ranges  0x0000000000000000       0x18 ./Src/CortexM3_Core/CortexM3_Core_SCB.o
 .debug_macro   0x0000000000000000       0x65 ./Src/CortexM3_Core/CortexM3_Core_SCB.o
 .debug_macro   0x0000000000000000      0xa72 ./Src/CortexM3_Core/CortexM3_Core_SCB.o
 .debug_macro   0x0000000000000000       0x22 ./Src/CortexM3_Core/CortexM3_Core_SCB.o
 .debug_macro   0x0000000000000000       0x28 ./Src/CortexM3_Core/CortexM3_Core_SCB.o
 .debug_macro   0x0000000000000000      0x112 ./Src/CortexM3_Core/CortexM3_Core_SCB.o
 .debug_macro   0x0000000000000000       0x76 ./Src/CortexM3_Core/CortexM3_Core_SCB.o
 .debug_macro   0x0000000000000000       0x40 ./Src/CortexM3_Core/CortexM3_Core_SCB.o
 .debug_macro   0x0000000000000000       0x2e ./Src/CortexM3_Core/CortexM3_Core_SCB.o
 .debug_line    0x0000000000000000      0x185 ./Src/CortexM3_Core/CortexM3_Core_SCB.o
 .debug_str     0x0000000000000000     0x3b11 ./Src/CortexM3_Core/CortexM3_Core_SCB.o
 .comment       0x0000000000000000       0x51 ./Src/CortexM3_Core/CortexM3_Core_SCB.o
 .debug_frame   0x0000000000000000       0x60 ./Src/CortexM3_Core/CortexM3_Core_SCB.o
 .ARM.attributes
                0x0000000000000000       0x2d ./Src/CortexM3_Core/CortexM3_Core_SCB.o
 .group         0x0000000000000000        0xc ./Src/CortexM3_Core/CortexM3_Core_Systick.o
 .group         0x0000000000000000        0xc ./Src/CortexM3_Core/CortexM3_Core_Systick.o
 .group         0x0000000000000000        0xc ./Src/CortexM3_Core/CortexM3_Core_Systick.o
 .group         0x0000000000000000        0xc ./Src/CortexM3_Core/CortexM3_Core_Systick.o
 .group         0x0000000000000000        0xc ./Src/CortexM3_Core/CortexM3_Core_Systick.o
 .group         0x0000000000000000        0xc ./Src/CortexM3_Core/CortexM3_Core_Systick.o
 .group         0x0000000000000000        0xc ./Src/CortexM3_Core/CortexM3_Core_Systick.o
 .group         0x0000000000000000        0xc ./Src/CortexM3_Core/CortexM3_Core_Systick.o
 .group         0x0000000000000000        0xc ./Src/CortexM3_Core/CortexM3_Core_Systick.o
 .group         0x0000000000000000        0xc ./Src/CortexM3_Core/CortexM3_Core_Systick.o
 .text          0x0000000000000000        0x0 ./Src/CortexM3_Core/CortexM3_Core_Systick.o
 .data          0x0000000000000000        0x0 ./Src/CortexM3_Core/CortexM3_Core_Systick.o
 .bss           0x0000000000000000        0x0 ./Src/CortexM3_Core/CortexM3_Core_Systick.o
 .text.Systick_init
                0x0000000000000000       0x5c ./Src/CortexM3_Core/CortexM3_Core_Systick.o
 .text.Systick_waitBlocking
                0x0000000000000000       0x50 ./Src/CortexM3_Core/CortexM3_Core_Systick.o
 .text.Systick_singleInterval
                0x0000000000000000       0x50 ./Src/CortexM3_Core/CortexM3_Core_Systick.o
 .text.Systick_periodicInterval
                0x0000000000000000       0x50 ./Src/CortexM3_Core/CortexM3_Core_Systick.o
 .text.Systick_getRemainingTicks
                0x0000000000000000       0x24 ./Src/CortexM3_Core/CortexM3_Core_Systick.o
 .text.Systick_getElapsedTicks
                0x0000000000000000       0x28 ./Src/CortexM3_Core/CortexM3_Core_Systick.o
 .debug_macro   0x0000000000000000      0xa72 ./Src/CortexM3_Core/CortexM3_Core_Systick.o
 .debug_macro   0x0000000000000000       0x22 ./Src/CortexM3_Core/CortexM3_Core_Systick.o
 .debug_macro   0x0000000000000000       0x28 ./Src/CortexM3_Core/CortexM3_Core_Systick.o
 .debug_macro   0x0000000000000000      0x112 ./Src/CortexM3_Core/CortexM3_Core_Systick.o
 .debug_macro   0x0000000000000000       0x76 ./Src/CortexM3_Core/CortexM3_Core_Systick.o
 .debug_macro   0x0000000000000000       0x40 ./Src/CortexM3_Core/CortexM3_Core_Systick.o
 .debug_macro   0x0000000000000000       0x2e ./Src/CortexM3_Core/CortexM3_Core_Systick.o
 .debug_macro   0x0000000000000000       0x52 ./Src/CortexM3_Core/CortexM3_Core_Systick.o
 .group         0x0000000000000000        0xc ./Src/CortexM3_Core/HALL/GPIO/STM32F103xx_GPIO_prog.o
 .group         0x0000000000000000        0xc ./Src/CortexM3_Core/HALL/GPIO/STM32F103xx_GPIO_prog.o
 .group         0x0000000000000000        0xc ./Src/CortexM3_Core/HALL/GPIO/STM32F103xx_GPIO_prog.o
 .group         0x0000000000000000        0xc ./Src/CortexM3_Core/HALL/GPIO/STM32F103xx_GPIO_prog.o
 .text          0x0000000000000000        0x0 ./Src/CortexM3_Core/HALL/GPIO/STM32F103xx_GPIO_prog.o
 .data          0x0000000000000000        0x0 ./Src/CortexM3_Core/HALL/GPIO/STM32F103xx_GPIO_prog.o
 .bss           0x0000000000000000        0x0 ./Src/CortexM3_Core/HALL/GPIO/STM32F103xx_GPIO_prog.o
 .debug_info    0x0000000000000000       0x68 ./Src/CortexM3_Core/HALL/GPIO/STM32F103xx_GPIO_prog.o
 .debug_abbrev  0x0000000000000000       0x1e ./Src/CortexM3_Core/HALL/GPIO/STM32F103xx_GPIO_prog.o
 .debug_aranges
                0x0000000000000000       0x18 ./Src/CortexM3_Core/HALL/GPIO/STM32F103xx_GPIO_prog.o
 .debug_macro   0x0000000000000000       0x56 ./Src/CortexM3_Core/HALL/GPIO/STM32F103xx_GPIO_prog.o
 .debug_macro   0x0000000000000000      0xa72 ./Src/CortexM3_Core/HALL/GPIO/STM32F103xx_GPIO_prog.o
 .debug_macro   0x0000000000000000       0x22 ./Src/CortexM3_Core/HALL/GPIO/STM32F103xx_GPIO_prog.o
 .debug_macro   0x0000000000000000       0x28 ./Src/CortexM3_Core/HALL/GPIO/STM32F103xx_GPIO_prog.o
 .debug_macro   0x0000000000000000      0x112 ./Src/CortexM3_Core/HALL/GPIO/STM32F103xx_GPIO_prog.o
 .debug_line    0x0000000000000000      0x13a ./Src/CortexM3_Core/HALL/GPIO/STM32F103xx_GPIO_prog.o
 .debug_str     0x0000000000000000     0x337c ./Src/CortexM3_Core/HALL/GPIO/STM32F103xx_GPIO_prog.o
 .comment       0x0000000000000000       0x51 ./Src/CortexM3_Core/HALL/GPIO/STM32F103xx_GPIO_prog.o
 .ARM.attributes
                0x0000000000000000       0x2d ./Src/CortexM3_Core/HALL/GPIO/STM32F103xx_GPIO_prog.o
 .group         0x0000000000000000        0xc ./Src/CortexM3_Core/HALL/RCC/STM32F103xx_RCC.o
 .group         0x0000000000000000        0xc ./Src/CortexM3_Core/HALL/RCC/STM32F103xx_RCC.o
 .group         0x0000000000000000        0xc ./Src/CortexM3_Core/HALL/RCC/STM32F103xx_RCC.o
 .group         0x0000000000000000        0xc ./Src/CortexM3_Core/HALL/RCC/STM32F103xx_RCC.o
 .group         0x0000000000000000        0xc ./Src/CortexM3_Core/HALL/RCC/STM32F103xx_RCC.o
 .group         0x0000000000000000        0xc ./Src/CortexM3_Core/HALL/RCC/STM32F103xx_RCC.o
 .text          0x0000000000000000        0x0 ./Src/CortexM3_Core/HALL/RCC/STM32F103xx_RCC.o
 .data          0x0000000000000000        0x0 ./Src/CortexM3_Core/HALL/RCC/STM32F103xx_RCC.o
 .bss           0x0000000000000000        0x0 ./Src/CortexM3_Core/HALL/RCC/STM32F103xx_RCC.o
 .text.RCC_oscConfig
                0x0000000000000000      0x124 ./Src/CortexM3_Core/HALL/RCC/STM32F103xx_RCC.o
 .text.RCC_sysCLKConfig
                0x0000000000000000       0x58 ./Src/CortexM3_Core/HALL/RCC/STM32F103xx_RCC.o
 .debug_info    0x0000000000000000      0x2d8 ./Src/CortexM3_Core/HALL/RCC/STM32F103xx_RCC.o
 .debug_abbrev  0x0000000000000000       0xbd ./Src/CortexM3_Core/HALL/RCC/STM32F103xx_RCC.o
 .debug_aranges
                0x0000000000000000       0x28 ./Src/CortexM3_Core/HALL/RCC/STM32F103xx_RCC.o
 .debug_ranges  0x0000000000000000       0x18 ./Src/CortexM3_Core/HALL/RCC/STM32F103xx_RCC.o
 .debug_macro   0x0000000000000000       0x56 ./Src/CortexM3_Core/HALL/RCC/STM32F103xx_RCC.o
 .debug_macro   0x0000000000000000      0xa72 ./Src/CortexM3_Core/HALL/RCC/STM32F103xx_RCC.o
 .debug_macro   0x0000000000000000       0x22 ./Src/CortexM3_Core/HALL/RCC/STM32F103xx_RCC.o
 .debug_macro   0x0000000000000000       0x28 ./Src/CortexM3_Core/HALL/RCC/STM32F103xx_RCC.o
 .debug_macro   0x0000000000000000      0x112 ./Src/CortexM3_Core/HALL/RCC/STM32F103xx_RCC.o
 .debug_macro   0x0000000000000000       0x76 ./Src/CortexM3_Core/HALL/RCC/STM32F103xx_RCC.o
 .debug_macro   0x0000000000000000       0x40 ./Src/CortexM3_Core/HALL/RCC/STM32F103xx_RCC.o
 .debug_line    0x0000000000000000      0x1d1 ./Src/CortexM3_Core/HALL/RCC/STM32F103xx_RCC.o
 .debug_str     0x0000000000000000     0x3b10 ./Src/CortexM3_Core/HALL/RCC/STM32F103xx_RCC.o
 .comment       0x0000000000000000       0x51 ./Src/CortexM3_Core/HALL/RCC/STM32F103xx_RCC.o
 .debug_frame   0x0000000000000000       0x60 ./Src/CortexM3_Core/HALL/RCC/STM32F103xx_RCC.o
 .ARM.attributes
                0x0000000000000000       0x2d ./Src/CortexM3_Core/HALL/RCC/STM32F103xx_RCC.o
 .group         0x0000000000000000        0xc ./Src/CortexM3_Core/HALL/RCC/STM32F103xx_RCC_Config.o
 .group         0x0000000000000000        0xc ./Src/CortexM3_Core/HALL/RCC/STM32F103xx_RCC_Config.o
 .group         0x0000000000000000        0xc ./Src/CortexM3_Core/HALL/RCC/STM32F103xx_RCC_Config.o
 .group         0x0000000000000000        0xc ./Src/CortexM3_Core/HALL/RCC/STM32F103xx_RCC_Config.o
 .group         0x0000000000000000        0xc ./Src/CortexM3_Core/HALL/RCC/STM32F103xx_RCC_Config.o
 .group         0x0000000000000000        0xc ./Src/CortexM3_Core/HALL/RCC/STM32F103xx_RCC_Config.o
 .text          0x0000000000000000        0x0 ./Src/CortexM3_Core/HALL/RCC/STM32F103xx_RCC_Config.o
 .data          0x0000000000000000        0x0 ./Src/CortexM3_Core/HALL/RCC/STM32F103xx_RCC_Config.o
 .bss           0x0000000000000000        0x0 ./Src/CortexM3_Core/HALL/RCC/STM32F103xx_RCC_Config.o
 .data.OSC_HSE  0x0000000000000000       0x14 ./Src/CortexM3_Core/HALL/RCC/STM32F103xx_RCC_Config.o
 .data.OSC_HSI  0x0000000000000000       0x14 ./Src/CortexM3_Core/HALL/RCC/STM32F103xx_RCC_Config.o
 .data.OSC_LSE  0x0000000000000000       0x14 ./Src/CortexM3_Core/HALL/RCC/STM32F103xx_RCC_Config.o
 .data.OSC_LSI  0x0000000000000000       0x14 ./Src/CortexM3_Core/HALL/RCC/STM32F103xx_RCC_Config.o
 .bss.SYSCLK    0x0000000000000000        0xc ./Src/CortexM3_Core/HALL/RCC/STM32F103xx_RCC_Config.o
 .debug_info    0x0000000000000000      0x1f6 ./Src/CortexM3_Core/HALL/RCC/STM32F103xx_RCC_Config.o
 .debug_abbrev  0x0000000000000000       0x8b ./Src/CortexM3_Core/HALL/RCC/STM32F103xx_RCC_Config.o
 .debug_aranges
                0x0000000000000000       0x18 ./Src/CortexM3_Core/HALL/RCC/STM32F103xx_RCC_Config.o
 .debug_macro   0x0000000000000000       0x5a ./Src/CortexM3_Core/HALL/RCC/STM32F103xx_RCC_Config.o
 .debug_macro   0x0000000000000000      0xa72 ./Src/CortexM3_Core/HALL/RCC/STM32F103xx_RCC_Config.o
 .debug_macro   0x0000000000000000       0x22 ./Src/CortexM3_Core/HALL/RCC/STM32F103xx_RCC_Config.o
 .debug_macro   0x0000000000000000       0x28 ./Src/CortexM3_Core/HALL/RCC/STM32F103xx_RCC_Config.o
 .debug_macro   0x0000000000000000      0x112 ./Src/CortexM3_Core/HALL/RCC/STM32F103xx_RCC_Config.o
 .debug_macro   0x0000000000000000       0x76 ./Src/CortexM3_Core/HALL/RCC/STM32F103xx_RCC_Config.o
 .debug_macro   0x0000000000000000       0x40 ./Src/CortexM3_Core/HALL/RCC/STM32F103xx_RCC_Config.o
 .debug_line    0x0000000000000000      0x11a ./Src/CortexM3_Core/HALL/RCC/STM32F103xx_RCC_Config.o
 .debug_str     0x0000000000000000     0x3a5c ./Src/CortexM3_Core/HALL/RCC/STM32F103xx_RCC_Config.o
 .comment       0x0000000000000000       0x51 ./Src/CortexM3_Core/HALL/RCC/STM32F103xx_RCC_Config.o
 .ARM.attributes
                0x0000000000000000       0x2d ./Src/CortexM3_Core/HALL/RCC/STM32F103xx_RCC_Config.o
 .group         0x0000000000000000        0xc ./Src/main.o
 .group         0x0000000000000000        0xc ./Src/main.o
 .group         0x0000000000000000        0xc ./Src/main.o
 .group         0x0000000000000000        0xc ./Src/main.o
 .group         0x0000000000000000        0xc ./Src/main.o
 .group         0x0000000000000000        0xc ./Src/main.o
 .group         0x0000000000000000        0xc ./Src/main.o
 .group         0x0000000000000000        0xc ./Src/main.o
 .group         0x0000000000000000        0xc ./Src/main.o
 .group         0x0000000000000000        0xc ./Src/main.o
 .text          0x0000000000000000        0x0 ./Src/main.o
 .data          0x0000000000000000        0x0 ./Src/main.o
 .bss           0x0000000000000000        0x0 ./Src/main.o
 .debug_macro   0x0000000000000000      0xa72 ./Src/main.o
 .debug_macro   0x0000000000000000       0x22 ./Src/main.o
 .debug_macro   0x0000000000000000       0x28 ./Src/main.o
 .debug_macro   0x0000000000000000      0x112 ./Src/main.o
 .debug_macro   0x0000000000000000       0x76 ./Src/main.o
 .debug_macro   0x0000000000000000       0x40 ./Src/main.o
 .debug_macro   0x0000000000000000       0x2e ./Src/main.o
 .debug_macro   0x0000000000000000       0x52 ./Src/main.o
 .debug_macro   0x0000000000000000       0x1c ./Src/main.o
 .debug_macro   0x0000000000000000       0x58 ./Src/main.o
 .group         0x0000000000000000        0xc ./Src/syscalls.o
 .group         0x0000000000000000        0xc ./Src/syscalls.o
 .group         0x0000000000000000        0xc ./Src/syscalls.o
 .group         0x0000000000000000        0xc ./Src/syscalls.o
 .group         0x0000000000000000        0xc ./Src/syscalls.o
 .group         0x0000000000000000        0xc ./Src/syscalls.o
 .group         0x0000000000000000        0xc ./Src/syscalls.o
 .group         0x0000000000000000        0xc ./Src/syscalls.o
 .group         0x0000000000000000        0xc ./Src/syscalls.o
 .group         0x0000000000000000        0xc ./Src/syscalls.o
 .group         0x0000000000000000        0xc ./Src/syscalls.o
 .group         0x0000000000000000        0xc ./Src/syscalls.o
 .group         0x0000000000000000        0xc ./Src/syscalls.o
 .group         0x0000000000000000        0xc ./Src/syscalls.o
 .group         0x0000000000000000        0xc ./Src/syscalls.o
 .group         0x0000000000000000        0xc ./Src/syscalls.o
 .group         0x0000000000000000        0xc ./Src/syscalls.o
 .group         0x0000000000000000        0xc ./Src/syscalls.o
 .group         0x0000000000000000        0xc ./Src/syscalls.o
 .group         0x0000000000000000        0xc ./Src/syscalls.o
 .group         0x0000000000000000        0xc ./Src/syscalls.o
 .group         0x0000000000000000        0xc ./Src/syscalls.o
 .group         0x0000000000000000        0xc ./Src/syscalls.o
 .group         0x0000000000000000        0xc ./Src/syscalls.o
 .group         0x0000000000000000        0xc ./Src/syscalls.o
 .group         0x0000000000000000        0xc ./Src/syscalls.o
 .group         0x0000000000000000        0xc ./Src/syscalls.o
 .group         0x0000000000000000        0xc ./Src/syscalls.o
 .group         0x0000000000000000        0xc ./Src/syscalls.o
 .group         0x0000000000000000        0xc ./Src/syscalls.o
 .group         0x0000000000000000        0xc ./Src/syscalls.o
 .group         0x0000000000000000        0xc ./Src/syscalls.o
 .group         0x0000000000000000        0xc ./Src/syscalls.o
 .group         0x0000000000000000        0xc ./Src/syscalls.o
 .group         0x0000000000000000        0xc ./Src/syscalls.o
 .group         0x0000000000000000        0xc ./Src/syscalls.o
 .group         0x0000000000000000        0xc ./Src/syscalls.o
 .group         0x0000000000000000        0xc ./Src/syscalls.o
 .group         0x0000000000000000        0xc ./Src/syscalls.o
 .group         0x0000000000000000        0xc ./Src/syscalls.o
 .group         0x0000000000000000        0xc ./Src/syscalls.o
 .group         0x0000000000000000        0xc ./Src/syscalls.o
 .group         0x0000000000000000        0xc ./Src/syscalls.o
 .group         0x0000000000000000        0xc ./Src/syscalls.o
 .group         0x0000000000000000        0xc ./Src/syscalls.o
 .group         0x0000000000000000        0xc ./Src/syscalls.o
 .group         0x0000000000000000        0xc ./Src/syscalls.o
 .text          0x0000000000000000        0x0 ./Src/syscalls.o
 .data          0x0000000000000000        0x0 ./Src/syscalls.o
 .bss           0x0000000000000000        0x0 ./Src/syscalls.o
 .bss.__env     0x0000000000000000        0x4 ./Src/syscalls.o
 .data.environ  0x0000000000000000        0x4 ./Src/syscalls.o
 .text.initialise_monitor_handles
                0x0000000000000000        0xc ./Src/syscalls.o
 .text._getpid  0x0000000000000000        0xe ./Src/syscalls.o
 .text._kill    0x0000000000000000       0x20 ./Src/syscalls.o
 .text._exit    0x0000000000000000       0x14 ./Src/syscalls.o
 .text._read    0x0000000000000000       0x3a ./Src/syscalls.o
 .text._write   0x0000000000000000       0x38 ./Src/syscalls.o
 .text._close   0x0000000000000000       0x16 ./Src/syscalls.o
 .text._fstat   0x0000000000000000       0x1e ./Src/syscalls.o
 .text._isatty  0x0000000000000000       0x14 ./Src/syscalls.o
 .text._lseek   0x0000000000000000       0x18 ./Src/syscalls.o
 .text._open    0x0000000000000000       0x1a ./Src/syscalls.o
 .text._wait    0x0000000000000000       0x1e ./Src/syscalls.o
 .text._unlink  0x0000000000000000       0x1e ./Src/syscalls.o
 .text._times   0x0000000000000000       0x16 ./Src/syscalls.o
 .text._stat    0x0000000000000000       0x1e ./Src/syscalls.o
 .text._link    0x0000000000000000       0x20 ./Src/syscalls.o
 .text._fork    0x0000000000000000       0x16 ./Src/syscalls.o
 .text._execve  0x0000000000000000       0x22 ./Src/syscalls.o
 .debug_info    0x0000000000000000      0x6e0 ./Src/syscalls.o
 .debug_abbrev  0x0000000000000000      0x1b3 ./Src/syscalls.o
 .debug_aranges
                0x0000000000000000       0xa8 ./Src/syscalls.o
 .debug_ranges  0x0000000000000000       0x98 ./Src/syscalls.o
 .debug_macro   0x0000000000000000      0x24c ./Src/syscalls.o
 .debug_macro   0x0000000000000000      0xa72 ./Src/syscalls.o
 .debug_macro   0x0000000000000000       0x22 ./Src/syscalls.o
 .debug_macro   0x0000000000000000       0x4c ./Src/syscalls.o
 .debug_macro   0x0000000000000000       0x18 ./Src/syscalls.o
 .debug_macro   0x0000000000000000       0x94 ./Src/syscalls.o
 .debug_macro   0x0000000000000000       0x3c ./Src/syscalls.o
 .debug_macro   0x0000000000000000       0x34 ./Src/syscalls.o
 .debug_macro   0x0000000000000000       0x57 ./Src/syscalls.o
 .debug_macro   0x0000000000000000      0x174 ./Src/syscalls.o
 .debug_macro   0x0000000000000000      0x341 ./Src/syscalls.o
 .debug_macro   0x0000000000000000       0x16 ./Src/syscalls.o
 .debug_macro   0x0000000000000000       0x43 ./Src/syscalls.o
 .debug_macro   0x0000000000000000       0x34 ./Src/syscalls.o
 .debug_macro   0x0000000000000000       0x10 ./Src/syscalls.o
 .debug_macro   0x0000000000000000       0x58 ./Src/syscalls.o
 .debug_macro   0x0000000000000000       0x71 ./Src/syscalls.o
 .debug_macro   0x0000000000000000       0x1c ./Src/syscalls.o
 .debug_macro   0x0000000000000000      0x12a ./Src/syscalls.o
 .debug_macro   0x0000000000000000       0x10 ./Src/syscalls.o
 .debug_macro   0x0000000000000000       0x35 ./Src/syscalls.o
 .debug_macro   0x0000000000000000       0x10 ./Src/syscalls.o
 .debug_macro   0x0000000000000000       0x10 ./Src/syscalls.o
 .debug_macro   0x0000000000000000       0x10 ./Src/syscalls.o
 .debug_macro   0x0000000000000000       0x6a ./Src/syscalls.o
 .debug_macro   0x0000000000000000       0x1c ./Src/syscalls.o
 .debug_macro   0x0000000000000000       0x52 ./Src/syscalls.o
 .debug_macro   0x0000000000000000       0x22 ./Src/syscalls.o
 .debug_macro   0x0000000000000000       0x10 ./Src/syscalls.o
 .debug_macro   0x0000000000000000       0x52 ./Src/syscalls.o
 .debug_macro   0x0000000000000000       0xd5 ./Src/syscalls.o
 .debug_macro   0x0000000000000000       0x1c ./Src/syscalls.o
 .debug_macro   0x0000000000000000       0x3d ./Src/syscalls.o
 .debug_macro   0x0000000000000000       0x35 ./Src/syscalls.o
 .debug_macro   0x0000000000000000      0x12c ./Src/syscalls.o
 .debug_macro   0x0000000000000000       0x16 ./Src/syscalls.o
 .debug_macro   0x0000000000000000       0x16 ./Src/syscalls.o
 .debug_macro   0x0000000000000000       0x29 ./Src/syscalls.o
 .debug_macro   0x0000000000000000       0x10 ./Src/syscalls.o
 .debug_macro   0x0000000000000000      0x241 ./Src/syscalls.o
 .debug_macro   0x0000000000000000       0x1c ./Src/syscalls.o
 .debug_macro   0x0000000000000000       0x10 ./Src/syscalls.o
 .debug_macro   0x0000000000000000       0x10 ./Src/syscalls.o
 .debug_macro   0x0000000000000000       0x16 ./Src/syscalls.o
 .debug_macro   0x0000000000000000      0x145 ./Src/syscalls.o
 .debug_macro   0x0000000000000000      0x189 ./Src/syscalls.o
 .debug_macro   0x0000000000000000       0x16 ./Src/syscalls.o
 .debug_macro   0x0000000000000000       0xce ./Src/syscalls.o
 .debug_line    0x0000000000000000      0x79a ./Src/syscalls.o
 .debug_str     0x0000000000000000     0x8a28 ./Src/syscalls.o
 .comment       0x0000000000000000       0x51 ./Src/syscalls.o
 .debug_frame   0x0000000000000000      0x2ac ./Src/syscalls.o
 .ARM.attributes
                0x0000000000000000       0x2d ./Src/syscalls.o
 .group         0x0000000000000000        0xc ./Src/sysmem.o
 .group         0x0000000000000000        0xc ./Src/sysmem.o
 .group         0x0000000000000000        0xc ./Src/sysmem.o
 .group         0x0000000000000000        0xc ./Src/sysmem.o
 .group         0x0000000000000000        0xc ./Src/sysmem.o
 .group         0x0000000000000000        0xc ./Src/sysmem.o
 .group         0x0000000000000000        0xc ./Src/sysmem.o
 .group         0x0000000000000000        0xc ./Src/sysmem.o
 .group         0x0000000000000000        0xc ./Src/sysmem.o
 .group         0x0000000000000000        0xc ./Src/sysmem.o
 .group         0x0000000000000000        0xc ./Src/sysmem.o
 .group         0x0000000000000000        0xc ./Src/sysmem.o
 .group         0x0000000000000000        0xc ./Src/sysmem.o
 .group         0x0000000000000000        0xc ./Src/sysmem.o
 .group         0x0000000000000000        0xc ./Src/sysmem.o
 .group         0x0000000000000000        0xc ./Src/sysmem.o
 .group         0x0000000000000000        0xc ./Src/sysmem.o
 .group         0x0000000000000000        0xc ./Src/sysmem.o
 .group         0x0000000000000000        0xc ./Src/sysmem.o
 .group         0x0000000000000000        0xc ./Src/sysmem.o
 .group         0x0000000000000000        0xc ./Src/sysmem.o
 .group         0x0000000000000000        0xc ./Src/sysmem.o
 .text          0x0000000000000000        0x0 ./Src/sysmem.o
 .data          0x0000000000000000        0x0 ./Src/sysmem.o
 .bss           0x0000000000000000        0x0 ./Src/sysmem.o
 .bss.__sbrk_heap_end
                0x0000000000000000        0x4 ./Src/sysmem.o
 .text._sbrk    0x0000000000000000       0x6c ./Src/sysmem.o
 .debug_info    0x0000000000000000      0x171 ./Src/sysmem.o
 .debug_abbrev  0x0000000000000000       0xbb ./Src/sysmem.o
 .debug_aranges
                0x0000000000000000       0x20 ./Src/sysmem.o
 .debug_ranges  0x0000000000000000       0x10 ./Src/sysmem.o
 .debug_macro   0x0000000000000000       0xff ./Src/sysmem.o
 .debug_macro   0x0000000000000000      0xa72 ./Src/sysmem.o
 .debug_macro   0x0000000000000000       0x10 ./Src/sysmem.o
 .debug_macro   0x0000000000000000       0x22 ./Src/sysmem.o
 .debug_macro   0x0000000000000000       0x4c ./Src/sysmem.o
 .debug_macro   0x0000000000000000       0x18 ./Src/sysmem.o
 .debug_macro   0x0000000000000000       0x94 ./Src/sysmem.o
 .debug_macro   0x0000000000000000       0x3c ./Src/sysmem.o
 .debug_macro   0x0000000000000000       0x34 ./Src/sysmem.o
 .debug_macro   0x0000000000000000      0x174 ./Src/sysmem.o
 .debug_macro   0x0000000000000000       0x16 ./Src/sysmem.o
 .debug_macro   0x0000000000000000       0x43 ./Src/sysmem.o
 .debug_macro   0x0000000000000000       0x57 ./Src/sysmem.o
 .debug_macro   0x0000000000000000       0x34 ./Src/sysmem.o
 .debug_macro   0x0000000000000000       0x10 ./Src/sysmem.o
 .debug_macro   0x0000000000000000       0x58 ./Src/sysmem.o
 .debug_macro   0x0000000000000000       0x71 ./Src/sysmem.o
 .debug_macro   0x0000000000000000       0x1c ./Src/sysmem.o
 .debug_macro   0x0000000000000000      0x12a ./Src/sysmem.o
 .debug_macro   0x0000000000000000      0x23b ./Src/sysmem.o
 .debug_macro   0x0000000000000000      0x103 ./Src/sysmem.o
 .debug_macro   0x0000000000000000       0x6a ./Src/sysmem.o
 .debug_macro   0x0000000000000000      0x1df ./Src/sysmem.o
 .debug_line    0x0000000000000000      0x490 ./Src/sysmem.o
 .debug_str     0x0000000000000000     0x5d64 ./Src/sysmem.o
 .comment       0x0000000000000000       0x51 ./Src/sysmem.o
 .debug_frame   0x0000000000000000       0x34 ./Src/sysmem.o
 .ARM.attributes
                0x0000000000000000       0x2d ./Src/sysmem.o
 .text          0x0000000000000000       0x14 ./Startup/startup_stm32f103c8tx.o
 .data          0x0000000000000000        0x0 ./Startup/startup_stm32f103c8tx.o
 .bss           0x0000000000000000        0x0 ./Startup/startup_stm32f103c8tx.o
 .text          0x0000000000000000        0x0 /app/stm32cubeide/plugins/com.st.stm32cube.ide.mcu.externaltools.gnu-tools-for-stm32.10.3-2021.10.linux64_1.0.200.202301161003/tools/bin/../lib/gcc/arm-none-eabi/10.3.1/../../../../arm-none-eabi/lib/thumb/v7-m/nofp/libc_nano.a(lib_a-errno.o)
 .data          0x0000000000000000        0x0 /app/stm32cubeide/plugins/com.st.stm32cube.ide.mcu.externaltools.gnu-tools-for-stm32.10.3-2021.10.linux64_1.0.200.202301161003/tools/bin/../lib/gcc/arm-none-eabi/10.3.1/../../../../arm-none-eabi/lib/thumb/v7-m/nofp/libc_nano.a(lib_a-errno.o)
 .bss           0x0000000000000000        0x0 /app/stm32cubeide/plugins/com.st.stm32cube.ide.mcu.externaltools.gnu-tools-for-stm32.10.3-2021.10.linux64_1.0.200.202301161003/tools/bin/../lib/gcc/arm-none-eabi/10.3.1/../../../../arm-none-eabi/lib/thumb/v7-m/nofp/libc_nano.a(lib_a-errno.o)
 .text.__errno  0x0000000000000000        0xc /app/stm32cubeide/plugins/com.st.stm32cube.ide.mcu.externaltools.gnu-tools-for-stm32.10.3-2021.10.linux64_1.0.200.202301161003/tools/bin/../lib/gcc/arm-none-eabi/10.3.1/../../../../arm-none-eabi/lib/thumb/v7-m/nofp/libc_nano.a(lib_a-errno.o)
 .debug_frame   0x0000000000000000       0x20 /app/stm32cubeide/plugins/com.st.stm32cube.ide.mcu.externaltools.gnu-tools-for-stm32.10.3-2021.10.linux64_1.0.200.202301161003/tools/bin/../lib/gcc/arm-none-eabi/10.3.1/../../../../arm-none-eabi/lib/thumb/v7-m/nofp/libc_nano.a(lib_a-errno.o)
 .ARM.attributes
                0x0000000000000000       0x2d /app/stm32cubeide/plugins/com.st.stm32cube.ide.mcu.externaltools.gnu-tools-for-stm32.10.3-2021.10.linux64_1.0.200.202301161003/tools/bin/../lib/gcc/arm-none-eabi/10.3.1/../../../../arm-none-eabi/lib/thumb/v7-m/nofp/libc_nano.a(lib_a-errno.o)
 .text          0x0000000000000000        0x0 /app/stm32cubeide/plugins/com.st.stm32cube.ide.mcu.externaltools.gnu-tools-for-stm32.10.3-2021.10.linux64_1.0.200.202301161003/tools/bin/../lib/gcc/arm-none-eabi/10.3.1/../../../../arm-none-eabi/lib/thumb/v7-m/nofp/libc_nano.a(lib_a-exit.o)
 .data          0x0000000000000000        0x0 /app/stm32cubeide/plugins/com.st.stm32cube.ide.mcu.externaltools.gnu-tools-for-stm32.10.3-2021.10.linux64_1.0.200.202301161003/tools/bin/../lib/gcc/arm-none-eabi/10.3.1/../../../../arm-none-eabi/lib/thumb/v7-m/nofp/libc_nano.a(lib_a-exit.o)
 .bss           0x0000000000000000        0x0 /app/stm32cubeide/plugins/com.st.stm32cube.ide.mcu.externaltools.gnu-tools-for-stm32.10.3-2021.10.linux64_1.0.200.202301161003/tools/bin/../lib/gcc/arm-none-eabi/10.3.1/../../../../arm-none-eabi/lib/thumb/v7-m/nofp/libc_nano.a(lib_a-exit.o)
 .text.exit     0x0000000000000000       0x28 /app/stm32cubeide/plugins/com.st.stm32cube.ide.mcu.externaltools.gnu-tools-for-stm32.10.3-2021.10.linux64_1.0.200.202301161003/tools/bin/../lib/gcc/arm-none-eabi/10.3.1/../../../../arm-none-eabi/lib/thumb/v7-m/nofp/libc_nano.a(lib_a-exit.o)
 .debug_frame   0x0000000000000000       0x28 /app/stm32cubeide/plugins/com.st.stm32cube.ide.mcu.externaltools.gnu-tools-for-stm32.10.3-2021.10.linux64_1.0.200.202301161003/tools/bin/../lib/gcc/arm-none-eabi/10.3.1/../../../../arm-none-eabi/lib/thumb/v7-m/nofp/libc_nano.a(lib_a-exit.o)
 .ARM.attributes
                0x0000000000000000       0x2d /app/stm32cubeide/plugins/com.st.stm32cube.ide.mcu.externaltools.gnu-tools-for-stm32.10.3-2021.10.linux64_1.0.200.202301161003/tools/bin/../lib/gcc/arm-none-eabi/10.3.1/../../../../arm-none-eabi/lib/thumb/v7-m/nofp/libc_nano.a(lib_a-exit.o)
 .text          0x0000000000000000        0x0 /app/stm32cubeide/plugins/com.st.stm32cube.ide.mcu.externaltools.gnu-tools-for-stm32.10.3-2021.10.linux64_1.0.200.202301161003/tools/bin/../lib/gcc/arm-none-eabi/10.3.1/../../../../arm-none-eabi/lib/thumb/v7-m/nofp/libc_nano.a(lib_a-impure.o)
 .data          0x0000000000000000        0x0 /app/stm32cubeide/plugins/com.st.stm32cube.ide.mcu.externaltools.gnu-tools-for-stm32.10.3-2021.10.linux64_1.0.200.202301161003/tools/bin/../lib/gcc/arm-none-eabi/10.3.1/../../../../arm-none-eabi/lib/thumb/v7-m/nofp/libc_nano.a(lib_a-impure.o)
 .bss           0x0000000000000000        0x0 /app/stm32cubeide/plugins/com.st.stm32cube.ide.mcu.externaltools.gnu-tools-for-stm32.10.3-2021.10.linux64_1.0.200.202301161003/tools/bin/../lib/gcc/arm-none-eabi/10.3.1/../../../../arm-none-eabi/lib/thumb/v7-m/nofp/libc_nano.a(lib_a-impure.o)
 .data._impure_ptr
                0x0000000000000000        0x4 /app/stm32cubeide/plugins/com.st.stm32cube.ide.mcu.externaltools.gnu-tools-for-stm32.10.3-2021.10.linux64_1.0.200.202301161003/tools/bin/../lib/gcc/arm-none-eabi/10.3.1/../../../../arm-none-eabi/lib/thumb/v7-m/nofp/libc_nano.a(lib_a-impure.o)
 .data.impure_data
                0x0000000000000000       0x60 /app/stm32cubeide/plugins/com.st.stm32cube.ide.mcu.externaltools.gnu-tools-for-stm32.10.3-2021.10.linux64_1.0.200.202301161003/tools/bin/../lib/gcc/arm-none-eabi/10.3.1/../../../../arm-none-eabi/lib/thumb/v7-m/nofp/libc_nano.a(lib_a-impure.o)
 .rodata._global_impure_ptr
                0x0000000000000000        0x4 /app/stm32cubeide/plugins/com.st.stm32cube.ide.mcu.externaltools.gnu-tools-for-stm32.10.3-2021.10.linux64_1.0.200.202301161003/tools/bin/../lib/gcc/arm-none-eabi/10.3.1/../../../../arm-none-eabi/lib/thumb/v7-m/nofp/libc_nano.a(lib_a-impure.o)
 .ARM.attributes
                0x0000000000000000       0x2d /app/stm32cubeide/plugins/com.st.stm32cube.ide.mcu.externaltools.gnu-tools-for-stm32.10.3-2021.10.linux64_1.0.200.202301161003/tools/bin/../lib/gcc/arm-none-eabi/10.3.1/../../../../arm-none-eabi/lib/thumb/v7-m/nofp/libc_nano.a(lib_a-impure.o)
 .text          0x0000000000000000        0x0 /app/stm32cubeide/plugins/com.st.stm32cube.ide.mcu.externaltools.gnu-tools-for-stm32.10.3-2021.10.linux64_1.0.200.202301161003/tools/bin/../lib/gcc/arm-none-eabi/10.3.1/../../../../arm-none-eabi/lib/thumb/v7-m/nofp/libc_nano.a(lib_a-init.o)
 .data          0x0000000000000000        0x0 /app/stm32cubeide/plugins/com.st.stm32cube.ide.mcu.externaltools.gnu-tools-for-stm32.10.3-2021.10.linux64_1.0.200.202301161003/tools/bin/../lib/gcc/arm-none-eabi/10.3.1/../../../../arm-none-eabi/lib/thumb/v7-m/nofp/libc_nano.a(lib_a-init.o)
 .bss           0x0000000000000000        0x0 /app/stm32cubeide/plugins/com.st.stm32cube.ide.mcu.externaltools.gnu-tools-for-stm32.10.3-2021.10.linux64_1.0.200.202301161003/tools/bin/../lib/gcc/arm-none-eabi/10.3.1/../../../../arm-none-eabi/lib/thumb/v7-m/nofp/libc_nano.a(lib_a-init.o)
 .text          0x0000000000000000        0x0 /app/stm32cubeide/plugins/com.st.stm32cube.ide.mcu.externaltools.gnu-tools-for-stm32.10.3-2021.10.linux64_1.0.200.202301161003/tools/bin/../lib/gcc/arm-none-eabi/10.3.1/../../../../arm-none-eabi/lib/thumb/v7-m/nofp/libc_nano.a(lib_a-memset.o)
 .data          0x0000000000000000        0x0 /app/stm32cubeide/plugins/com.st.stm32cube.ide.mcu.externaltools.gnu-tools-for-stm32.10.3-2021.10.linux64_1.0.200.202301161003/tools/bin/../lib/gcc/arm-none-eabi/10.3.1/../../../../arm-none-eabi/lib/thumb/v7-m/nofp/libc_nano.a(lib_a-memset.o)
 .bss           0x0000000000000000        0x0 /app/stm32cubeide/plugins/com.st.stm32cube.ide.mcu.externaltools.gnu-tools-for-stm32.10.3-2021.10.linux64_1.0.200.202301161003/tools/bin/../lib/gcc/arm-none-eabi/10.3.1/../../../../arm-none-eabi/lib/thumb/v7-m/nofp/libc_nano.a(lib_a-memset.o)
 .text.memset   0x0000000000000000       0x10 /app/stm32cubeide/plugins/com.st.stm32cube.ide.mcu.externaltools.gnu-tools-for-stm32.10.3-2021.10.linux64_1.0.200.202301161003/tools/bin/../lib/gcc/arm-none-eabi/10.3.1/../../../../arm-none-eabi/lib/thumb/v7-m/nofp/libc_nano.a(lib_a-memset.o)
 .debug_frame   0x0000000000000000       0x20 /app/stm32cubeide/plugins/com.st.stm32cube.ide.mcu.externaltools.gnu-tools-for-stm32.10.3-2021.10.linux64_1.0.200.202301161003/tools/bin/../lib/gcc/arm-none-eabi/10.3.1/../../../../arm-none-eabi/lib/thumb/v7-m/nofp/libc_nano.a(lib_a-memset.o)
 .ARM.attributes
                0x0000000000000000       0x2d /app/stm32cubeide/plugins/com.st.stm32cube.ide.mcu.externaltools.gnu-tools-for-stm32.10.3-2021.10.linux64_1.0.200.202301161003/tools/bin/../lib/gcc/arm-none-eabi/10.3.1/../../../../arm-none-eabi/lib/thumb/v7-m/nofp/libc_nano.a(lib_a-memset.o)
 .text          0x0000000000000000        0x0 /app/stm32cubeide/plugins/com.st.stm32cube.ide.mcu.externaltools.gnu-tools-for-stm32.10.3-2021.10.linux64_1.0.200.202301161003/tools/bin/../lib/gcc/arm-none-eabi/10.3.1/thumb/v7-m/nofp/crtend.o
 .data          0x0000000000000000        0x0 /app/stm32cubeide/plugins/com.st.stm32cube.ide.mcu.externaltools.gnu-tools-for-stm32.10.3-2021.10.linux64_1.0.200.202301161003/tools/bin/../lib/gcc/arm-none-eabi/10.3.1/thumb/v7-m/nofp/crtend.o
 .bss           0x0000000000000000        0x0 /app/stm32cubeide/plugins/com.st.stm32cube.ide.mcu.externaltools.gnu-tools-for-stm32.10.3-2021.10.linux64_1.0.200.202301161003/tools/bin/../lib/gcc/arm-none-eabi/10.3.1/thumb/v7-m/nofp/crtend.o
 .rodata        0x0000000000000000       0x24 /app/stm32cubeide/plugins/com.st.stm32cube.ide.mcu.externaltools.gnu-tools-for-stm32.10.3-2021.10.linux64_1.0.200.202301161003/tools/bin/../lib/gcc/arm-none-eabi/10.3.1/thumb/v7-m/nofp/crtend.o
 .eh_frame      0x0000000000000000        0x4 /app/stm32cubeide/plugins/com.st.stm32cube.ide.mcu.externaltools.gnu-tools-for-stm32.10.3-2021.10.linux64_1.0.200.202301161003/tools/bin/../lib/gcc/arm-none-eabi/10.3.1/thumb/v7-m/nofp/crtend.o
 .ARM.attributes
                0x0000000000000000       0x2d /app/stm32cubeide/plugins/com.st.stm32cube.ide.mcu.externaltools.gnu-tools-for-stm32.10.3-2021.10.linux64_1.0.200.202301161003/tools/bin/../lib/gcc/arm-none-eabi/10.3.1/thumb/v7-m/nofp/crtend.o
 .text          0x0000000000000000        0x0 /app/stm32cubeide/plugins/com.st.stm32cube.ide.mcu.externaltools.gnu-tools-for-stm32.10.3-2021.10.linux64_1.0.200.202301161003/tools/bin/../lib/gcc/arm-none-eabi/10.3.1/thumb/v7-m/nofp/crtn.o
 .data          0x0000000000000000        0x0 /app/stm32cubeide/plugins/com.st.stm32cube.ide.mcu.externaltools.gnu-tools-for-stm32.10.3-2021.10.linux64_1.0.200.202301161003/tools/bin/../lib/gcc/arm-none-eabi/10.3.1/thumb/v7-m/nofp/crtn.o
 .bss           0x0000000000000000        0x0 /app/stm32cubeide/plugins/com.st.stm32cube.ide.mcu.externaltools.gnu-tools-for-stm32.10.3-2021.10.linux64_1.0.200.202301161003/tools/bin/../lib/gcc/arm-none-eabi/10.3.1/thumb/v7-m/nofp/crtn.o

Memory Configuration

Name             Origin             Length             Attributes
RAM              0x0000000020000000 0x0000000000005000 xrw
FLASH            0x0000000008000000 0x0000000000010000 xr
*default*        0x0000000000000000 0xffffffffffffffff

Linker script and memory map

LOAD /app/stm32cubeide/plugins/com.st.stm32cube.ide.mcu.externaltools.gnu-tools-for-stm32.10.3-2021.10.linux64_1.0.200.202301161003/tools/bin/../lib/gcc/arm-none-eabi/10.3.1/thumb/v7-m/nofp/crti.o
LOAD /app/stm32cubeide/plugins/com.st.stm32cube.ide.mcu.externaltools.gnu-tools-for-stm32.10.3-2021.10.linux64_1.0.200.202301161003/tools/bin/../lib/gcc/arm-none-eabi/10.3.1/thumb/v7-m/nofp/crtbegin.o
LOAD /app/stm32cubeide/plugins/com.st.stm32cube.ide.mcu.externaltools.gnu-tools-for-stm32.10.3-2021.10.linux64_1.0.200.202301161003/tools/bin/../lib/gcc/arm-none-eabi/10.3.1/../../../../arm-none-eabi/lib/thumb/v7-m/nofp/crt0.o
LOAD ./Src/CortexM3_Core/CortexM3_Core_NVIC.o
LOAD ./Src/CortexM3_Core/CortexM3_Core_SCB.o
LOAD ./Src/CortexM3_Core/CortexM3_Core_Systick.o
LOAD ./Src/CortexM3_Core/HALL/GPIO/STM32F103xx_GPIO_prog.o
LOAD ./Src/CortexM3_Core/HALL/RCC/STM32F103xx_RCC.o
LOAD ./Src/CortexM3_Core/HALL/RCC/STM32F103xx_RCC_Config.o
LOAD ./Src/main.o
LOAD ./Src/syscalls.o
LOAD ./Src/sysmem.o
LOAD ./Startup/startup_stm32f103c8tx.o
START GROUP
LOAD /app/stm32cubeide/plugins/com.st.stm32cube.ide.mcu.externaltools.gnu-tools-for-stm32.10.3-2021.10.linux64_1.0.200.202301161003/tools/bin/../lib/gcc/arm-none-eabi/10.3.1/../../../../arm-none-eabi/lib/thumb/v7-m/nofp/libc_nano.a
LOAD /app/stm32cubeide/plugins/com.st.stm32cube.ide.mcu.externaltools.gnu-tools-for-stm32.10.3-2021.10.linux64_1.0.200.202301161003/tools/bin/../lib/gcc/arm-none-eabi/10.3.1/../../../../arm-none-eabi/lib/thumb/v7-m/nofp/libm.a
END GROUP
START GROUP
LOAD /app/stm32cubeide/plugins/com.st.stm32cube.ide.mcu.externaltools.gnu-tools-for-stm32.10.3-2021.10.linux64_1.0.200.202301161003/tools/bin/../lib/gcc/arm-none-eabi/10.3.1/thumb/v7-m/nofp/libgcc.a
LOAD /app/stm32cubeide/plugins/com.st.stm32cube.ide.mcu.externaltools.gnu-tools-for-stm32.10.3-2021.10.linux64_1.0.200.202301161003/tools/bin/../lib/gcc/arm-none-eabi/10.3.1/../../../../arm-none-eabi/lib/thumb/v7-m/nofp/libc_nano.a
END GROUP
START GROUP
LOAD /app/stm32cubeide/plugins/com.st.stm32cube.ide.mcu.externaltools.gnu-tools-for-stm32.10.3-2021.10.linux64_1.0.200.202301161003/tools/bin/../lib/gcc/arm-none-eabi/10.3.1/thumb/v7-m/nofp/libgcc.a
LOAD /app/stm32cubeide/plugins/com.st.stm32cube.ide.mcu.externaltools.gnu-tools-for-stm32.10.3-2021.10.linux64_1.0.200.202301161003/tools/bin/../lib/gcc/arm-none-eabi/10.3.1/../../../../arm-none-eabi/lib/thumb/v7-m/nofp/libc_nano.a
LOAD /app/stm32cubeide/plugins/com.st.stm32cube.ide.mcu.externaltools.gnu-tools-for-stm32.10.3-2021.10.linux64_1.0.200.202301161003/tools/bin/../lib/gcc/arm-none-eabi/10.3.1/../../../../arm-none-eabi/lib/thumb/v7-m/nofp/libnosys.a
END GROUP
START GROUP
LOAD /app/stm32cubeide/plugins/com.st.stm32cube.ide.mcu.externaltools.gnu-tools-for-stm32.10.3-2021.10.linux64_1.0.200.202301161003/tools/bin/../lib/gcc/arm-none-eabi/10.3.1/thumb/v7-m/nofp/libgcc.a
LOAD /app/stm32cubeide/plugins/com.st.stm32cube.ide.mcu.externaltools.gnu-tools-for-stm32.10.3-2021.10.linux64_1.0.200.202301161003/tools/bin/../lib/gcc/arm-none-eabi/10.3.1/../../../../arm-none-eabi/lib/thumb/v7-m/nofp/libc_nano.a
LOAD /app/stm32cubeide/plugins/com.st.stm32cube.ide.mcu.externaltools.gnu-tools-for-stm32.10.3-2021.10.linux64_1.0.200.202301161003/tools/bin/../lib/gcc/arm-none-eabi/10.3.1/../../../../arm-none-eabi/lib/thumb/v7-m/nofp/libnosys.a
END GROUP
LOAD /app/stm32cubeide/plugins/com.st.stm32cube.ide.mcu.externaltools.gnu-tools-for-stm32.10.3-2021.10.linux64_1.0.200.202301161003/tools/bin/../lib/gcc/arm-none-eabi/10.3.1/thumb/v7-m/nofp/crtend.o
LOAD /app/stm32cubeide/plugins/com.st.stm32cube.ide.mcu.externaltools.gnu-tools-for-stm32.10.3-2021.10.linux64_1.0.200.202301161003/tools/bin/../lib/gcc/arm-none-eabi/10.3.1/thumb/v7-m/nofp/crtn.o
                0x0000000020005000                _estack = (ORIGIN (RAM) + LENGTH (RAM))
                0x0000000000000200                _Min_Heap_Size = 0x200
                0x0000000000000400                _Min_Stack_Size = 0x400

.isr_vector     0x0000000008000000      0x130
                0x0000000008000000                . = ALIGN (0x4)
 *(.isr_vector)
 .isr_vector    0x0000000008000000      0x130 ./Startup/startup_stm32f103c8tx.o
                0x0000000008000000                g_pfnVectors
                0x0000000008000130                . = ALIGN (0x4)

.text           0x0000000008000130      0x2e8
                0x0000000008000130                . = ALIGN (0x4)
 *(.text)
 .text          0x0000000008000130       0x40 /app/stm32cubeide/plugins/com.st.stm32cube.ide.mcu.externaltools.gnu-tools-for-stm32.10.3-2021.10.linux64_1.0.200.202301161003/tools/bin/../lib/gcc/arm-none-eabi/10.3.1/thumb/v7-m/nofp/crtbegin.o
 *(.text*)
 .text.NVIC_setEnableIQRn
                0x0000000008000170       0x78 ./Src/CortexM3_Core/CortexM3_Core_NVIC.o
                0x0000000008000170                NVIC_setEnableIQRn
 .text.NVIC_setDisableIQRn
                0x00000000080001e8       0x78 ./Src/CortexM3_Core/CortexM3_Core_NVIC.o
                0x00000000080001e8                NVIC_setDisableIQRn
 .text.NVIC_setPendingIQRn
                0x0000000008000260       0x78 ./Src/CortexM3_Core/CortexM3_Core_NVIC.o
                0x0000000008000260                NVIC_setPendingIQRn
 .text.Systick_deInit
                0x00000000080002d8       0x34 ./Src/CortexM3_Core/CortexM3_Core_Systick.o
                0x00000000080002d8                Systick_deInit
 .text.SysTick_Handler
                0x000000000800030c       0x2c ./Src/CortexM3_Core/CortexM3_Core_Systick.o
                0x000000000800030c                SysTick_Handler
 .text.main     0x0000000008000338       0x2a ./Src/main.o
                0x0000000008000338                main
 *fill*         0x0000000008000362        0x2 
 .text.Reset_Handler
                0x0000000008000364       0x50 ./Startup/startup_stm32f103c8tx.o
                0x0000000008000364                Reset_Handler
 .text.Default_Handler
                0x00000000080003b4        0x2 ./Startup/startup_stm32f103c8tx.o
                0x00000000080003b4                EXTI2_IRQHandler
                0x00000000080003b4                TIM8_TRG_COM_IRQHandler
                0x00000000080003b4                TIM8_CC_IRQHandler
                0x00000000080003b4                DebugMon_Handler
                0x00000000080003b4                TIM1_CC_IRQHandler
                0x00000000080003b4                HardFault_Handler
                0x00000000080003b4                TIM6_IRQHandler
                0x00000000080003b4                PVD_IRQHandler
                0x00000000080003b4                SDIO_IRQHandler
                0x00000000080003b4                PendSV_Handler
                0x00000000080003b4                NMI_Handler
                0x00000000080003b4                EXTI3_IRQHandler
                0x00000000080003b4                USB_HP_CAN_TX_IRQHandler
                0x00000000080003b4                EXTI0_IRQHandler
                0x00000000080003b4                I2C2_EV_IRQHandler
                0x00000000080003b4                UsageFault_Handler
                0x00000000080003b4                ADC1_2_IRQHandler
                0x00000000080003b4                SPI1_IRQHandler
                0x00000000080003b4                CAN_SCE_IRQHandler
                0x00000000080003b4                TAMPER_IRQHandler
                0x00000000080003b4                TIM8_UP_IRQHandler
                0x00000000080003b4                DMA2_Channel2_IRQHandler
                0x00000000080003b4                DMA1_Channel4_IRQHandler
                0x00000000080003b4                USART3_IRQHandler
                0x00000000080003b4                RTC_IRQHandler
                0x00000000080003b4                DMA1_Channel7_IRQHandler
                0x00000000080003b4                UART5_IRQHandler
                0x00000000080003b4                ADC3_IRQHandler
                0x00000000080003b4                TIM4_IRQHandler
                0x00000000080003b4                CAN_RX1_IRQHandler
                0x00000000080003b4                DMA2_Channel1_IRQHandler
                0x00000000080003b4                I2C1_EV_IRQHandler
                0x00000000080003b4                DMA1_Channel6_IRQHandler
                0x00000000080003b4                UART4_IRQHandler
                0x00000000080003b4                TIM3_IRQHandler
                0x00000000080003b4                RCC_IRQHandler
                0x00000000080003b4                TIM1_TRG_COM_IRQHandler
                0x00000000080003b4                DMA1_Channel1_IRQHandler
                0x00000000080003b4                Default_Handler
                0x00000000080003b4                EXTI15_10_IRQHandler
                0x00000000080003b4                TIM7_IRQHandler
                0x00000000080003b4                TIM5_IRQHandler
                0x00000000080003b4                EXTI9_5_IRQHandler
                0x00000000080003b4                SPI2_IRQHandler
                0x00000000080003b4                USB_LP_CAN_RX0_IRQHandler
                0x00000000080003b4                MemManage_Handler
                0x00000000080003b4                SVC_Handler
                0x00000000080003b4                DMA1_Channel5_IRQHandler
                0x00000000080003b4                EXTI4_IRQHandler
                0x00000000080003b4                DMA1_Channel3_IRQHandler
                0x00000000080003b4                FSMC_IRQHandler
                0x00000000080003b4                TIM1_UP_IRQHandler
                0x00000000080003b4                WWDG_IRQHandler
                0x00000000080003b4                TIM2_IRQHandler
                0x00000000080003b4                TIM1_BRK_IRQHandler
                0x00000000080003b4                EXTI1_IRQHandler
                0x00000000080003b4                RTCAlarm_IRQHandler
                0x00000000080003b4                DMA2_Channel4_5_IRQHandler
                0x00000000080003b4                USART2_IRQHandler
                0x00000000080003b4                I2C2_ER_IRQHandler
                0x00000000080003b4                DMA1_Channel2_IRQHandler
                0x00000000080003b4                TIM8_BRK_IRQHandler
                0x00000000080003b4                FLASH_IRQHandler
                0x00000000080003b4                BusFault_Handler
                0x00000000080003b4                USART1_IRQHandler
                0x00000000080003b4                SPI3_IRQHandler
                0x00000000080003b4                I2C1_ER_IRQHandler
                0x00000000080003b4                DMA2_Channel3_IRQHandler
 *fill*         0x00000000080003b6        0x2 
 .text.__libc_init_array
                0x00000000080003b8       0x48 /app/stm32cubeide/plugins/com.st.stm32cube.ide.mcu.externaltools.gnu-tools-for-stm32.10.3-2021.10.linux64_1.0.200.202301161003/tools/bin/../lib/gcc/arm-none-eabi/10.3.1/../../../../arm-none-eabi/lib/thumb/v7-m/nofp/libc_nano.a(lib_a-init.o)
                0x00000000080003b8                __libc_init_array
 *(.glue_7)
 .glue_7        0x0000000008000400        0x0 linker stubs
 *(.glue_7t)
 .glue_7t       0x0000000008000400        0x0 linker stubs
 *(.eh_frame)
 .eh_frame      0x0000000008000400        0x0 /app/stm32cubeide/plugins/com.st.stm32cube.ide.mcu.externaltools.gnu-tools-for-stm32.10.3-2021.10.linux64_1.0.200.202301161003/tools/bin/../lib/gcc/arm-none-eabi/10.3.1/thumb/v7-m/nofp/crtbegin.o
 *(.init)
 .init          0x0000000008000400        0x4 /app/stm32cubeide/plugins/com.st.stm32cube.ide.mcu.externaltools.gnu-tools-for-stm32.10.3-2021.10.linux64_1.0.200.202301161003/tools/bin/../lib/gcc/arm-none-eabi/10.3.1/thumb/v7-m/nofp/crti.o
                0x0000000008000400                _init
 .init          0x0000000008000404        0x8 /app/stm32cubeide/plugins/com.st.stm32cube.ide.mcu.externaltools.gnu-tools-for-stm32.10.3-2021.10.linux64_1.0.200.202301161003/tools/bin/../lib/gcc/arm-none-eabi/10.3.1/thumb/v7-m/nofp/crtn.o
 *(.fini)
 .fini          0x000000000800040c        0x4 /app/stm32cubeide/plugins/com.st.stm32cube.ide.mcu.externaltools.gnu-tools-for-stm32.10.3-2021.10.linux64_1.0.200.202301161003/tools/bin/../lib/gcc/arm-none-eabi/10.3.1/thumb/v7-m/nofp/crti.o
                0x000000000800040c                _fini
 .fini          0x0000000008000410        0x8 /app/stm32cubeide/plugins/com.st.stm32cube.ide.mcu.externaltools.gnu-tools-for-stm32.10.3-2021.10.linux64_1.0.200.202301161003/tools/bin/../lib/gcc/arm-none-eabi/10.3.1/thumb/v7-m/nofp/crtn.o
                0x0000000008000418                . = ALIGN (0x4)
                0x0000000008000418                _etext = .

.vfp11_veneer   0x0000000008000418        0x0
 .vfp11_veneer  0x0000000008000418        0x0 linker stubs

.v4_bx          0x0000000008000418        0x0
 .v4_bx         0x0000000008000418        0x0 linker stubs

.iplt           0x0000000008000418        0x0
 .iplt          0x0000000008000418        0x0 /app/stm32cubeide/plugins/com.st.stm32cube.ide.mcu.externaltools.gnu-tools-for-stm32.10.3-2021.10.linux64_1.0.200.202301161003/tools/bin/../lib/gcc/arm-none-eabi/10.3.1/thumb/v7-m/nofp/crtbegin.o

.rel.dyn        0x0000000008000418        0x0
 .rel.iplt      0x0000000008000418        0x0 /app/stm32cubeide/plugins/com.st.stm32cube.ide.mcu.externaltools.gnu-tools-for-stm32.10.3-2021.10.linux64_1.0.200.202301161003/tools/bin/../lib/gcc/arm-none-eabi/10.3.1/thumb/v7-m/nofp/crtbegin.o

.rodata         0x0000000008000418        0x0
                0x0000000008000418                . = ALIGN (0x4)
 *(.rodata)
 *(.rodata*)
                0x0000000008000418                . = ALIGN (0x4)

.ARM.extab      0x0000000008000418        0x0
                0x0000000008000418                . = ALIGN (0x4)
 *(.ARM.extab* .gnu.linkonce.armextab.*)
                0x0000000008000418                . = ALIGN (0x4)

.ARM            0x0000000008000418        0x0
                0x0000000008000418                . = ALIGN (0x4)
                0x0000000008000418                __exidx_start = .
 *(.ARM.exidx*)
                0x0000000008000418                __exidx_end = .
                0x0000000008000418                . = ALIGN (0x4)

.preinit_array  0x0000000008000418        0x0
                0x0000000008000418                . = ALIGN (0x4)
                0x0000000008000418                PROVIDE (__preinit_array_start = .)
 *(.preinit_array*)
                0x0000000008000418                PROVIDE (__preinit_array_end = .)
                0x0000000008000418                . = ALIGN (0x4)

.init_array     0x0000000008000418        0x4
                0x0000000008000418                . = ALIGN (0x4)
                0x0000000008000418                PROVIDE (__init_array_start = .)
 *(SORT_BY_NAME(.init_array.*))
 *(.init_array*)
 .init_array    0x0000000008000418        0x4 /app/stm32cubeide/plugins/com.st.stm32cube.ide.mcu.externaltools.gnu-tools-for-stm32.10.3-2021.10.linux64_1.0.200.202301161003/tools/bin/../lib/gcc/arm-none-eabi/10.3.1/thumb/v7-m/nofp/crtbegin.o
                0x000000000800041c                PROVIDE (__init_array_end = .)
                0x000000000800041c                . = ALIGN (0x4)

.fini_array     0x000000000800041c        0x4
                0x000000000800041c                . = ALIGN (0x4)
                [!provide]                        PROVIDE (__fini_array_start = .)
 *(SORT_BY_NAME(.fini_array.*))
 *(.fini_array*)
 .fini_array    0x000000000800041c        0x4 /app/stm32cubeide/plugins/com.st.stm32cube.ide.mcu.externaltools.gnu-tools-for-stm32.10.3-2021.10.linux64_1.0.200.202301161003/tools/bin/../lib/gcc/arm-none-eabi/10.3.1/thumb/v7-m/nofp/crtbegin.o
                [!provide]                        PROVIDE (__fini_array_end = .)
                0x0000000008000420                . = ALIGN (0x4)
                0x0000000008000420                _sidata = LOADADDR (.data)

.data           0x0000000020000000        0x0 load address 0x0000000008000420
                0x0000000020000000                . = ALIGN (0x4)
                0x0000000020000000                _sdata = .
 *(.data)
 *(.data*)
 *(.RamFunc)
 *(.RamFunc*)
                0x0000000020000000                . = ALIGN (0x4)
                0x0000000020000000                _edata = .

.igot.plt       0x0000000020000000        0x0 load address 0x0000000008000420
 .igot.plt      0x0000000020000000        0x0 /app/stm32cubeide/plugins/com.st.stm32cube.ide.mcu.externaltools.gnu-tools-for-stm32.10.3-2021.10.linux64_1.0.200.202301161003/tools/bin/../lib/gcc/arm-none-eabi/10.3.1/thumb/v7-m/nofp/crtbegin.o
                0x0000000020000000                . = ALIGN (0x4)

.bss            0x0000000020000000       0x24 load address 0x0000000008000420
                0x0000000020000000                _sbss = .
                0x0000000020000000                __bss_start__ = _sbss
 *(.bss)
 .bss           0x0000000020000000       0x1c /app/stm32cubeide/plugins/com.st.stm32cube.ide.mcu.externaltools.gnu-tools-for-stm32.10.3-2021.10.linux64_1.0.200.202301161003/tools/bin/../lib/gcc/arm-none-eabi/10.3.1/thumb/v7-m/nofp/crtbegin.o
 *(.bss*)
 .bss.SystickCallBack
                0x000000002000001c        0x4 ./Src/CortexM3_Core/CortexM3_Core_Systick.o
 .bss.SystickMode
                0x0000000020000020        0x1 ./Src/CortexM3_Core/CortexM3_Core_Systick.o
 *(COMMON)
                0x0000000020000024                . = ALIGN (0x4)
 *fill*         0x0000000020000021        0x3 
                0x0000000020000024                _ebss = .
                0x0000000020000024                __bss_end__ = _ebss

._user_heap_stack
                0x0000000020000024      0x604 load address 0x0000000008000420
                0x0000000020000028                . = ALIGN (0x8)
 *fill*         0x0000000020000024        0x4 
                [!provide]                        PROVIDE (end = .)
                0x0000000020000028                PROVIDE (_end = .)
                0x0000000020000228                . = (. + _Min_Heap_Size)
 *fill*         0x0000000020000028      0x200 
                0x0000000020000628                . = (. + _Min_Stack_Size)
 *fill*         0x0000000020000228      0x400 
                0x0000000020000628                . = ALIGN (0x8)

/DISCARD/
 libc.a(*)
 libm.a(*)
 libgcc.a(*)

.ARM.attributes
                0x0000000000000000       0x29
 *(.ARM.attributes)
 .ARM.attributes
                0x0000000000000000       0x1d /app/stm32cubeide/plugins/com.st.stm32cube.ide.mcu.externaltools.gnu-tools-for-stm32.10.3-2021.10.linux64_1.0.200.202301161003/tools/bin/../lib/gcc/arm-none-eabi/10.3.1/thumb/v7-m/nofp/crti.o
 .ARM.attributes
                0x000000000000001d       0x2d /app/stm32cubeide/plugins/com.st.stm32cube.ide.mcu.externaltools.gnu-tools-for-stm32.10.3-2021.10.linux64_1.0.200.202301161003/tools/bin/../lib/gcc/arm-none-eabi/10.3.1/thumb/v7-m/nofp/crtbegin.o
 .ARM.attributes
                0x000000000000004a       0x2d ./Src/CortexM3_Core/CortexM3_Core_NVIC.o
 .ARM.attributes
                0x0000000000000077       0x2d ./Src/CortexM3_Core/CortexM3_Core_Systick.o
 .ARM.attributes
                0x00000000000000a4       0x2d ./Src/main.o
 .ARM.attributes
                0x00000000000000d1       0x21 ./Startup/startup_stm32f103c8tx.o
 .ARM.attributes
                0x00000000000000f2       0x2d /app/stm32cubeide/plugins/com.st.stm32cube.ide.mcu.externaltools.gnu-tools-for-stm32.10.3-2021.10.linux64_1.0.200.202301161003/tools/bin/../lib/gcc/arm-none-eabi/10.3.1/../../../../arm-none-eabi/lib/thumb/v7-m/nofp/libc_nano.a(lib_a-init.o)
 .ARM.attributes
                0x000000000000011f       0x1d /app/stm32cubeide/plugins/com.st.stm32cube.ide.mcu.externaltools.gnu-tools-for-stm32.10.3-2021.10.linux64_1.0.200.202301161003/tools/bin/../lib/gcc/arm-none-eabi/10.3.1/thumb/v7-m/nofp/crtn.o
OUTPUT(STM32F102xx.elf elf32-littlearm)
LOAD linker stubs
LOAD /app/stm32cubeide/plugins/com.st.stm32cube.ide.mcu.externaltools.gnu-tools-for-stm32.10.3-2021.10.linux64_1.0.200.202301161003/tools/bin/../lib/gcc/arm-none-eabi/10.3.1/../../../../arm-none-eabi/lib/thumb/v7-m/nofp/libc.a
LOAD /app/stm32cubeide/plugins/com.st.stm32cube.ide.mcu.externaltools.gnu-tools-for-stm32.10.3-2021.10.linux64_1.0.200.202301161003/tools/bin/../lib/gcc/arm-none-eabi/10.3.1/../../../../arm-none-eabi/lib/thumb/v7-m/nofp/libm.a
LOAD /app/stm32cubeide/plugins/com.st.stm32cube.ide.mcu.externaltools.gnu-tools-for-stm32.10.3-2021.10.linux64_1.0.200.202301161003/tools/bin/../lib/gcc/arm-none-eabi/10.3.1/thumb/v7-m/nofp/libgcc.a

.debug_info     0x0000000000000000      0x9b5
 .debug_info    0x0000000000000000      0x492 ./Src/CortexM3_Core/CortexM3_Core_NVIC.o
 .debug_info    0x0000000000000492      0x284 ./Src/CortexM3_Core/CortexM3_Core_Systick.o
 .debug_info    0x0000000000000716      0x27d ./Src/main.o
 .debug_info    0x0000000000000993       0x22 ./Startup/startup_stm32f103c8tx.o

.debug_abbrev   0x0000000000000000      0x2e0
 .debug_abbrev  0x0000000000000000      0x105 ./Src/CortexM3_Core/CortexM3_Core_NVIC.o
 .debug_abbrev  0x0000000000000105      0x130 ./Src/CortexM3_Core/CortexM3_Core_Systick.o
 .debug_abbrev  0x0000000000000235       0x99 ./Src/main.o
 .debug_abbrev  0x00000000000002ce       0x12 ./Startup/startup_stm32f103c8tx.o

.debug_aranges  0x0000000000000000       0xf0
 .debug_aranges
                0x0000000000000000       0x50 ./Src/CortexM3_Core/CortexM3_Core_NVIC.o
 .debug_aranges
                0x0000000000000050       0x58 ./Src/CortexM3_Core/CortexM3_Core_Systick.o
 .debug_aranges
                0x00000000000000a8       0x20 ./Src/main.o
 .debug_aranges
                0x00000000000000c8       0x28 ./Startup/startup_stm32f103c8tx.o

.debug_ranges   0x0000000000000000       0xb8
 .debug_ranges  0x0000000000000000       0x40 ./Src/CortexM3_Core/CortexM3_Core_NVIC.o
 .debug_ranges  0x0000000000000040       0x48 ./Src/CortexM3_Core/CortexM3_Core_Systick.o
 .debug_ranges  0x0000000000000088       0x10 ./Src/main.o
 .debug_ranges  0x0000000000000098       0x20 ./Startup/startup_stm32f103c8tx.o

.debug_macro    0x0000000000000000      0xf0e
 .debug_macro   0x0000000000000000       0x74 ./Src/CortexM3_Core/CortexM3_Core_NVIC.o
 .debug_macro   0x0000000000000074      0xa72 ./Src/CortexM3_Core/CortexM3_Core_NVIC.o
 .debug_macro   0x0000000000000ae6       0x22 ./Src/CortexM3_Core/CortexM3_Core_NVIC.o
 .debug_macro   0x0000000000000b08       0x28 ./Src/CortexM3_Core/CortexM3_Core_NVIC.o
 .debug_macro   0x0000000000000b30      0x112 ./Src/CortexM3_Core/CortexM3_Core_NVIC.o
 .debug_macro   0x0000000000000c42       0x76 ./Src/CortexM3_Core/CortexM3_Core_NVIC.o
 .debug_macro   0x0000000000000cb8       0x40 ./Src/CortexM3_Core/CortexM3_Core_NVIC.o
 .debug_macro   0x0000000000000cf8       0x2e ./Src/CortexM3_Core/CortexM3_Core_NVIC.o
 .debug_macro   0x0000000000000d26       0x52 ./Src/CortexM3_Core/CortexM3_Core_NVIC.o
 .debug_macro   0x0000000000000d78       0x8c ./Src/CortexM3_Core/CortexM3_Core_Systick.o
 .debug_macro   0x0000000000000e04       0x1c ./Src/CortexM3_Core/CortexM3_Core_Systick.o
 .debug_macro   0x0000000000000e20       0x58 ./Src/CortexM3_Core/CortexM3_Core_Systick.o
 .debug_macro   0x0000000000000e78       0x96 ./Src/main.o

.debug_line     0x0000000000000000      0x80f
 .debug_line    0x0000000000000000      0x307 ./Src/CortexM3_Core/CortexM3_Core_NVIC.o
 .debug_line    0x0000000000000307      0x2db ./Src/CortexM3_Core/CortexM3_Core_Systick.o
 .debug_line    0x00000000000005e2      0x1a9 ./Src/main.o
 .debug_line    0x000000000000078b       0x84 ./Startup/startup_stm32f103c8tx.o

.debug_str      0x0000000000000000     0x449d
 .debug_str     0x0000000000000000     0x3fee ./Src/CortexM3_Core/CortexM3_Core_NVIC.o
                                       0x4072 (size before relaxing)
 .debug_str     0x0000000000003fee      0x444 ./Src/CortexM3_Core/CortexM3_Core_Systick.o
                                       0x3fe6 (size before relaxing)
 .debug_str     0x0000000000004432       0x3a ./Src/main.o
                                       0x427e (size before relaxing)
 .debug_str     0x000000000000446c       0x31 ./Startup/startup_stm32f103c8tx.o
                                         0x63 (size before relaxing)

.comment        0x0000000000000000       0x50
 .comment       0x0000000000000000       0x50 ./Src/CortexM3_Core/CortexM3_Core_NVIC.o
                                         0x51 (size before relaxing)
 .comment       0x0000000000000050       0x51 ./Src/CortexM3_Core/CortexM3_Core_Systick.o
 .comment       0x0000000000000050       0x51 ./Src/main.o

.debug_frame    0x0000000000000000      0x2bc
 .debug_frame   0x0000000000000000      0x128 ./Src/CortexM3_Core/CortexM3_Core_NVIC.o
 .debug_frame   0x0000000000000128      0x13c ./Src/CortexM3_Core/CortexM3_Core_Systick.o
 .debug_frame   0x0000000000000264       0x2c ./Src/main.o
 .debug_frame   0x0000000000000290       0x2c /app/stm32cubeide/plugins/com.st.stm32cube.ide.mcu.externaltools.gnu-tools-for-stm32.10.3-2021.10.linux64_1.0.200.202301161003/tools/bin/../lib/gcc/arm-none-eabi/10.3.1/../../../../arm-none-eabi/lib/thumb/v7-m/nofp/libc_nano.a(lib_a-init.o)
